// Jest Snapshot v1, https://goo.gl/fbAQLP

exports[`Not expect visual regression 1`] = `
.c7 {
  -webkit-transform: rotate(-90deg);
  -ms-transform: rotate(-90deg);
  transform: rotate(-90deg);
}

.c6 {
  -webkit-transform: scaleY(-1);
  -ms-transform: scaleY(-1);
  transform: scaleY(-1);
}

.c4 {
  display: inline-block;
  display: -webkit-box;
  display: -webkit-flex;
  display: -ms-flexbox;
  display: flex;
  -webkit-box-pack: center;
  -webkit-justify-content: center;
  -ms-flex-pack: center;
  justify-content: center;
  -webkit-align-items: center;
  -webkit-box-align: center;
  -ms-flex-align: center;
  align-items: center;
  line-height: 0;
}

.c5 {
  display: inline-block;
  margin-right: 5px;
  margin-left: 5px;
  display: -webkit-box;
  display: -webkit-flex;
  display: -ms-flexbox;
  display: flex;
  -webkit-box-pack: center;
  -webkit-justify-content: center;
  -ms-flex-pack: center;
  justify-content: center;
  -webkit-align-items: center;
  -webkit-box-align: center;
  -ms-flex-align: center;
  align-items: center;
  line-height: 0;
}

.c0 {
  width: 240px;
  display: -webkit-box;
  display: -webkit-flex;
  display: -ms-flexbox;
  display: flex;
  -webkit-flex-direction: column;
  -ms-flex-direction: column;
  flex-direction: column;
  position: relative;
}

.c1 {
  display: -webkit-box;
  display: -webkit-flex;
  display: -ms-flexbox;
  display: flex;
  -webkit-flex-direction: column;
  -ms-flex-direction: column;
  flex-direction: column;
}

.c2 {
  width: 100%;
  height: 40px;
  border-radius: 0.25rem;
  border: 1px solid #b1bbe5;
  background-color: #f1f3fA;
  color: #19244d;
  outline: 0;
  -webkit-appearance: none;
  -moz-appearance: none;
  appearance: none;
  cursor: pointer;
  position: relative;
  -webkit-user-select: none;
  -moz-user-select: none;
  -ms-user-select: none;
  user-select: none;
  display: -webkit-box;
  display: -webkit-flex;
  display: -ms-flexbox;
  display: flex;
  -webkit-box-pack: justify;
  -webkit-justify-content: space-between;
  -ms-flex-pack: justify;
  justify-content: space-between;
  -webkit-align-items: center;
  -webkit-box-align: center;
  -ms-flex-align: center;
  align-items: center;
}

.c9 {
  width: 100%;
  top: calc(100% + 4px);
  position: absolute;
  border-radius: 0.25rem;
  background-color: #fff;
  list-style: none;
  padding: 1px;
  border: 1px solid #f1f3fA;
  box-shadow: 0 2px 4px rgba(50,71,151,0.15);
}

.c10 {
  display: -webkit-box;
  display: -webkit-flex;
  display: -ms-flexbox;
  display: flex;
  -webkit-align-items: center;
  -webkit-box-align: center;
  -ms-flex-align: center;
  align-items: center;
  width: 100%;
  height: 40px;
  border-radius: 0.25rem;
  padding-left: 14px;
  padding-right: 14px;
  font-size: 0.875rem;
  font-weight: 500;
  color: #19244d;
  cursor: pointer;
}

.c10:hover {
  color: #fff;
  background-color: #133BEC;
}

.c10 .text {
  margin-left: 10px;
}

.c11 {
  display: -webkit-box;
  display: -webkit-flex;
  display: -ms-flexbox;
  display: flex;
  -webkit-align-items: center;
  -webkit-box-align: center;
  -ms-flex-align: center;
  align-items: center;
  width: 100%;
  height: 40px;
  border-radius: 0.25rem;
  padding-left: 14px;
  padding-right: 14px;
  font-size: 0.875rem;
  font-weight: 600;
  color: #133BEC;
  cursor: pointer;
}

.c11:hover {
  color: #fff;
  background-color: #133BEC;
}

.c11 .text {
  margin-left: 10px;
}

.c3 {
  display: -webkit-box;
  display: -webkit-flex;
  display: -ms-flexbox;
  display: flex;
  -webkit-box-pack: center;
  -webkit-justify-content: center;
  -ms-flex-pack: center;
  justify-content: center;
  -webkit-align-items: center;
  -webkit-box-align: center;
  -ms-flex-align: center;
  align-items: center;
  height: inherit;
  min-width: 64px;
  width: 64px;
  padding: 0 16px;
  margin-left: -1px;
  border: 0;
  background-color: #b1bbe5;
  border-radius: 0.25rem 0 0 0.25rem;
  cursor: pointer;
}

.c8 {
  width: 100%;
  height: 40px;
  padding: 0 16px;
  border: none;
  background: transparent;
  font-size: 0.875rem;
  color: #19244d;
  cursor: text;
}

.c8:focus {
  outline: none;
}

.c8::-webkit-input-placeholder {
  color: #6479cb;
}

.c8::-moz-placeholder {
  color: #6479cb;
}

.c8:-ms-input-placeholder {
  color: #6479cb;
}

.c8::placeholder {
  color: #6479cb;
}

.c12 {
  margin-top: 8px;
  font-family: Inter,sans-serif;
  font-size: 0.625rem;
  color: #FF0130;
}

<div
  class="c0"
>
  <div>
    <label
      class="c1"
    >
      <div
        class="c2"
      >
        <button
          class="c3"
          data-testid="interable"
        >
          <div
            class="c4"
            data-testid="icon-state"
            height="20"
            width="20"
          >
            <svg
              fill="none"
              height="20"
              viewBox="0 0 14 19"
              width="20"
            >
              <path
                clip-rule="evenodd"
                d="M8.36459 17.5375C8.11046 17.8307 7.76779 17.9922 7.4 17.9922C7.03203 17.9922 6.68954 17.8307 6.43541 17.537C6.21338 17.2815 1 11.2215 1 7.40001C1 3.87111 3.87111 1 7.4 1C10.9289 1 13.8 3.87111 13.8 7.40019C13.8 11.2217 8.58662 17.2817 8.36459 17.5375ZM13.1986 7.40016C13.1986 4.20261 10.5975 1.60111 7.39978 1.60111C4.20204 1.60111 1.60073 4.20261 1.60054 7.40016C1.60054 10.998 6.83621 17.0827 6.88926 17.1438C7.02746 17.3032 7.20871 17.3912 7.39978 17.3912C7.59066 17.3912 7.7721 17.3032 7.9103 17.1438C7.96316 17.0827 13.1986 10.9982 13.1986 7.40016Z"
                fill="#fff"
                fill-rule="evenodd"
              />
              <path
                d="M8.36459 17.5375L8.21354 17.4064L8.21345 17.4065L8.36459 17.5375ZM6.43541 17.537L6.58667 17.4061L6.58636 17.4058L6.43541 17.537ZM1.60054 7.40016L1.40054 7.40015V7.40016H1.60054ZM6.88926 17.1438L6.73817 17.2749L6.73817 17.2749L6.88926 17.1438ZM7.9103 17.1438L8.06139 17.2749L8.06162 17.2746L7.9103 17.1438ZM7.4 18.1922C7.82927 18.1922 8.22595 18.0029 8.51572 17.6685L8.21345 17.4065C7.99497 17.6586 7.7063 17.7922 7.4 17.7922V18.1922ZM6.28415 17.6678C6.57394 18.0028 6.97049 18.1922 7.4 18.1922V17.7922C7.09356 17.7922 6.80514 17.6587 6.58667 17.4061L6.28415 17.6678ZM0.8 7.40001C0.8 8.39613 1.13839 9.52135 1.63524 10.6413C2.13345 11.7643 2.79831 12.8981 3.46733 13.9156C4.8054 15.9509 6.17072 17.5373 6.28446 17.6682L6.58636 17.4058C6.47807 17.2812 5.12569 15.7099 3.80156 13.6959C3.13948 12.6889 2.48711 11.5751 2.00088 10.4791C1.51328 9.38 1.2 8.31465 1.2 7.40001H0.8ZM7.4 0.800004C3.76065 0.800004 0.8 3.76065 0.8 7.40001H1.2C1.2 3.98157 3.98156 1.2 7.4 1.2V0.800004ZM14 7.40019C14 3.76066 11.0394 0.800004 7.4 0.800004V1.2C10.8184 1.2 13.6 3.98156 13.6 7.40019H14ZM8.51563 17.6686C8.62927 17.5377 9.99459 15.9512 11.3327 13.9159C12.0017 12.8983 12.6665 11.7645 13.1648 10.6415C13.6616 9.52154 14 8.39632 14 7.40019H13.6C13.6 8.31484 13.2867 9.38019 12.7991 10.4793C12.3129 11.5753 11.6605 12.6891 10.9984 13.6961C9.67432 15.7102 8.32194 17.2815 8.21354 17.4064L8.51563 17.6686ZM7.39978 1.80111C10.487 1.80111 12.9986 4.31306 12.9986 7.40016H13.3986C13.3986 4.09217 10.708 1.40111 7.39978 1.40111V1.80111ZM1.80054 7.40017C1.80073 4.31307 4.31251 1.80111 7.39978 1.80111V1.40111C4.09158 1.40111 1.40074 4.09216 1.40054 7.40015L1.80054 7.40017ZM7.04035 17.0128C7.01656 16.9854 5.70048 15.4561 4.39155 13.4875C3.73705 12.5031 3.08708 11.413 2.60139 10.3488C2.11398 9.28078 1.80054 8.25698 1.80054 7.40016H1.40054C1.40054 8.34224 1.74157 9.4282 2.2375 10.5149C2.73515 11.6053 3.39742 12.7148 4.05846 13.709C5.38063 15.6975 6.7089 17.2411 6.73817 17.2749L7.04035 17.0128ZM7.39978 17.1912C7.27331 17.1912 7.14513 17.1336 7.04035 17.0128L6.73817 17.2749C6.9098 17.4728 7.14411 17.5912 7.39978 17.5912V17.1912ZM7.75921 17.0128C7.65445 17.1336 7.52609 17.1912 7.39978 17.1912V17.5912C7.65523 17.5912 7.88974 17.4728 8.06139 17.2749L7.75921 17.0128ZM12.9986 7.40016C12.9986 8.25703 12.6852 9.28086 12.1978 10.3489C11.7121 11.4131 11.0622 12.5032 10.4077 13.4876C9.09892 15.4561 7.78294 16.9853 7.75898 17.0131L8.06162 17.2746C8.09052 17.2412 9.41871 15.6976 10.7408 13.709C11.4018 12.7149 12.0641 11.6054 12.5617 10.5149C13.0576 9.42827 13.3986 8.34229 13.3986 7.40016H12.9986Z"
                fill="#fff"
              />
              <path
                clip-rule="evenodd"
                d="M7.39912 4.75351C8.85837 4.75351 10.0457 5.9407 10.0457 7.39995C10.0457 8.8592 8.85837 10.0464 7.39912 10.0464C5.93987 10.0464 4.75269 8.8592 4.75269 7.39995C4.75269 5.9407 5.93987 4.75351 7.39912 4.75351ZM7.3985 5.35459C6.27059 5.35459 5.35302 6.27217 5.35302 7.40007C5.35302 8.52797 6.27059 9.44536 7.3985 9.44536C8.5264 9.44536 9.44397 8.52778 9.44397 7.40007C9.44397 6.27236 8.5264 5.35459 7.3985 5.35459Z"
                fill="#fff"
                fill-rule="evenodd"
              />
              <path
                d="M10.2457 7.39995C10.2457 5.83022 8.96881 4.55351 7.39912 4.55351V4.95351C8.74793 4.95351 9.84574 6.05117 9.84574 7.39995H10.2457ZM7.39912 10.2464C8.96881 10.2464 10.2457 8.96967 10.2457 7.39995H9.84574C9.84574 8.74872 8.74793 9.84638 7.39912 9.84638V10.2464ZM4.55269 7.39995C4.55269 8.96965 5.82941 10.2464 7.39912 10.2464V9.84638C6.05033 9.84638 4.95269 8.74874 4.95269 7.39995H4.55269ZM7.39912 4.55351C5.82941 4.55351 4.55269 5.83024 4.55269 7.39995H4.95269C4.95269 6.05116 6.05033 4.95351 7.39912 4.95351V4.55351ZM5.55302 7.40007C5.55302 6.38263 6.38105 5.55459 7.3985 5.55459V5.15459C6.16014 5.15459 5.15302 6.16171 5.15302 7.40007H5.55302ZM7.3985 9.24536C6.38103 9.24536 5.55302 8.41749 5.55302 7.40007H5.15302C5.15302 8.63845 6.16016 9.64536 7.3985 9.64536V9.24536ZM9.24397 7.40007C9.24397 8.41732 8.41595 9.24536 7.3985 9.24536V9.64536C8.63684 9.64536 9.64397 8.63825 9.64397 7.40007H9.24397ZM7.3985 5.55459C8.41593 5.55459 9.24397 6.3828 9.24397 7.40007H9.64397C9.64397 6.16191 8.63687 5.15459 7.3985 5.15459V5.55459Z"
                fill="#fff"
              />
            </svg>
          </div>
          <span
            class=""
            style="transform: none;"
          >
            <div
              class="c5"
              height="10"
              width="10"
            >
              <div
                class="c6"
              >
                <div
                  class="c7"
                >
                  <svg
                    fill="none"
                    height="10"
                    viewBox="0 0 9 15"
                    width="10"
                  >
                    <path
                      d="M1.55469 14L7.33247 7.5L1.55469 1"
                      stroke="#fff"
                      stroke-linecap="round"
                      stroke-linejoin="round"
                      stroke-miterlimit="10"
                      stroke-width="2"
                    />
                  </svg>
                </div>
              </div>
            </div>
          </span>
        </button>
        <input
          class="c8"
          data-testid="input-autocomplete"
          placeholder="Digite aqui..."
          value=""
        />
      </div>
    </label>
    <ul
      class="c9"
      style="opacity: 0; display: none;"
    >
      <li
        class="c10"
        value="city"
      >
        <div
          class="c4"
          data-testid="list-city"
          height="20"
          width="20"
        >
          <svg
            fill="none"
            height="20"
            viewBox="0 0 19 18"
            width="20"
          >
            <path
              clip-rule="evenodd"
              d="M8.07959 4.14532C8.07959 3.36219 8.7169 2.72544 9.50022 2.72544C10.2835 2.72544 10.9209 3.36219 10.9209 4.14532C10.9209 4.92845 10.2837 5.56576 9.50022 5.56576C8.71671 5.56576 8.07959 4.92845 8.07959 4.14532ZM8.62738 4.14531C8.62738 4.62604 9.01876 5.01722 9.49967 5.01722C9.98058 5.01722 10.3718 4.62585 10.3718 4.14531C10.3718 3.66497 9.98058 3.27397 9.49967 3.27397C9.01876 3.27397 8.62738 3.66497 8.62738 4.14531Z"
              fill="#6479cb"
              fill-rule="evenodd"
            />
            <path
              d="M9.50022 2.62544C8.66173 2.62544 7.97959 3.3069 7.97959 4.14532H8.17959C8.17959 3.41747 8.77207 2.82544 9.50022 2.82544V2.62544ZM11.0209 4.14532C11.0209 3.3069 10.3387 2.62544 9.50022 2.62544V2.82544C10.2284 2.82544 10.8209 3.41747 10.8209 4.14532H11.0209ZM9.50022 5.66576C10.339 5.66576 11.0209 4.98368 11.0209 4.14532H10.8209C10.8209 4.87322 10.2285 5.46576 9.50022 5.46576V5.66576ZM7.97959 4.14532C7.97959 4.98368 8.66148 5.66576 9.50022 5.66576V5.46576C8.77194 5.46576 8.17959 4.87322 8.17959 4.14532H7.97959ZM9.49967 4.91722C9.07394 4.91722 8.72738 4.57076 8.72738 4.14531H8.52738C8.52738 4.68131 8.96357 5.11722 9.49967 5.11722V4.91722ZM10.2718 4.14531C10.2718 4.57062 9.92535 4.91722 9.49967 4.91722V5.11722C10.0358 5.11722 10.4718 4.68107 10.4718 4.14531H10.2718ZM9.49967 3.37397C9.92542 3.37397 10.2718 3.72027 10.2718 4.14531H10.4718C10.4718 3.60967 10.0357 3.17397 9.49967 3.17397V3.37397ZM8.72738 4.14531C8.72738 3.7203 9.07389 3.37397 9.49967 3.37397V3.17397C8.96363 3.17397 8.52738 3.60964 8.52738 4.14531H8.72738Z"
              fill="#6479cb"
            />
            <path
              clip-rule="evenodd"
              d="M10.2418 1.15388L17.5414 4.86781C17.803 5.00079 18 5.32228 18 5.61544V6.33567C18 6.72535 17.6827 7.04287 17.293 7.04287H16.0794V8.14428C16.0794 8.39626 15.8742 8.6012 15.6223 8.6012H15.5469V12.5292H15.6223C15.8742 12.5292 16.0794 12.7341 16.0794 12.9863V14.0884H16.8119C17.467 14.0884 18 14.6213 18 15.2765V15.7559C18 16.411 17.467 16.9441 16.8119 16.9441H2.18811C1.53304 16.9441 1 16.411 1 15.7559V15.2765C1 14.6213 1.53304 14.0884 2.18811 14.0884H2.92062V12.9863C2.92062 12.7341 3.12576 12.5292 3.37773 12.5292H3.4531V8.6012H3.37773C3.12576 8.6012 2.92062 8.39626 2.92062 8.14428V7.04287H1.7072C1.31733 7.04287 1 6.72535 1 6.33567V5.61544C1 5.32228 1.19701 5.00079 1.45881 4.86781L8.75823 1.15388C9.16227 0.948747 9.83792 0.948747 10.2418 1.15388ZM17.4521 15.2765C17.4521 14.9237 17.165 14.6366 16.8123 14.6366H2.18854C1.83588 14.6366 1.54877 14.9237 1.54877 15.2765V15.7559C1.54877 16.1086 1.83588 16.3959 2.18854 16.3959H16.8123C17.165 16.3959 17.4521 16.1086 17.4521 15.7559V15.2765ZM3.54439 8.05286H3.46921V7.04287H5.76553V8.02283H5.69035C5.43838 8.02283 5.23324 8.22815 5.23324 8.47994V12.5909C5.23324 12.8431 5.43838 13.048 5.69035 13.048H5.76553V14.0884H3.46902V13.0775H3.5442C3.79599 13.0775 4.00131 12.8725 4.00131 12.6206V8.50997C4.0015 8.2578 3.79618 8.05286 3.54439 8.05286ZM8.33576 8.57136H8.26058C8.00879 8.57136 7.80366 8.36641 7.80366 8.11444V7.04287H6.31427V8.11444C6.31427 8.36641 6.10952 8.57136 5.85754 8.57136H5.78217V12.4995H5.85754C6.10952 12.4995 6.31427 12.7044 6.31427 12.9566V14.0884H7.80366V12.9566C7.80366 12.7044 8.00879 12.4995 8.26058 12.4995H8.33576V8.57136ZM8.42675 8.02303H8.35138V7.04307H10.6479V8.05306H10.5731C10.3209 8.05306 10.1162 8.258 10.1162 8.51017V12.621C10.1162 12.8729 10.3209 13.0779 10.5731 13.0779H10.6479V14.0888H8.35138V13.0484H8.42675C8.67891 13.0484 8.88367 12.8435 8.88367 12.5913V8.48014C8.88367 8.22835 8.67891 8.02303 8.42675 8.02303ZM13.2182 8.6012H13.1431C12.8911 8.6012 12.6863 8.39626 12.6863 8.14428V7.04287H11.1964V8.14428C11.1964 8.39626 10.9912 8.6012 10.7393 8.6012H10.6646V12.5291H10.7393C10.9912 12.5291 11.1964 12.7341 11.1964 12.9863V14.0884H12.6863V12.9863C12.6863 12.7341 12.8911 12.5291 13.1431 12.5291H13.2182V8.6012ZM13.3093 8.05286H13.2343V7.04287H15.5306V8.05286H15.4555C15.2035 8.05286 14.9983 8.2578 14.9983 8.50997V12.6208C14.9983 12.8727 15.2035 13.0777 15.4555 13.0777H15.5306V14.0886H13.2343V13.0777H13.3093C13.5615 13.0777 13.7664 12.8727 13.7664 12.6208V8.50997C13.7664 8.2578 13.5615 8.05286 13.3093 8.05286ZM17.2934 6.49454C17.3809 6.49454 17.4521 6.42295 17.4521 6.33568H17.4519V5.61545C17.4519 5.52875 17.3703 5.39577 17.2932 5.35648L9.99324 1.64293C9.86895 1.57965 9.68932 1.54339 9.50043 1.54339C9.31154 1.54339 9.13209 1.57965 9.00743 1.64293L1.70763 5.35648C1.63056 5.39577 1.54877 5.52894 1.54877 5.61545V6.33568C1.54877 6.42295 1.61998 6.49454 1.70763 6.49454H17.2934Z"
              fill="#6479cb"
              fill-rule="evenodd"
            />
            <path
              d="M17.5414 4.86781L17.496 4.95694L17.4961 4.95696L17.5414 4.86781ZM10.2418 1.15388L10.2871 1.06475L10.2871 1.06472L10.2418 1.15388ZM16.0794 7.04287V6.94287H15.9794V7.04287H16.0794ZM15.5469 8.6012V8.5012H15.4469V8.6012H15.5469ZM15.5469 12.5292H15.4469V12.6292H15.5469V12.5292ZM16.0794 14.0884H15.9794V14.1884H16.0794V14.0884ZM2.92062 14.0884V14.1884H3.02062V14.0884H2.92062ZM3.4531 12.5292V12.6292H3.5531V12.5292H3.4531ZM3.4531 8.6012H3.5531V8.5012H3.4531V8.6012ZM2.92062 7.04287H3.02062V6.94287H2.92062V7.04287ZM1.45881 4.86781L1.5041 4.95697L1.50416 4.95694L1.45881 4.86781ZM8.75823 1.15388L8.71296 1.06471L8.71289 1.06475L8.75823 1.15388ZM3.46921 8.05286H3.36921V8.15286H3.46921V8.05286ZM3.46921 7.04287V6.94287H3.36921V7.04287H3.46921ZM5.76553 7.04287H5.86553V6.94287H5.76553V7.04287ZM5.76553 8.02283V8.12283H5.86553V8.02283H5.76553ZM5.76553 13.048H5.86553V12.948H5.76553V13.048ZM5.76553 14.0884V14.1884H5.86553V14.0884H5.76553ZM3.46902 14.0884H3.36902V14.1884H3.46902V14.0884ZM3.46902 13.0775V12.9775H3.36902V13.0775H3.46902ZM4.00131 8.50997L3.90131 8.50989V8.50997H4.00131ZM8.33576 8.57136H8.43576V8.47136H8.33576V8.57136ZM7.80366 7.04287H7.90366V6.94287H7.80366V7.04287ZM6.31427 7.04287V6.94287H6.21427V7.04287H6.31427ZM5.78217 8.57136V8.47136H5.68217V8.57136H5.78217ZM5.78217 12.4995H5.68217V12.5995H5.78217V12.4995ZM6.31427 14.0884H6.21427V14.1884H6.31427V14.0884ZM7.80366 14.0884V14.1884H7.90366V14.0884H7.80366ZM8.33576 12.4995V12.5995H8.43576V12.4995H8.33576ZM8.35138 8.02303H8.25138V8.12303H8.35138V8.02303ZM8.35138 7.04307V6.94307H8.25138V7.04307H8.35138ZM10.6479 7.04307H10.7479V6.94307H10.6479V7.04307ZM10.6479 8.05306V8.15306H10.7479V8.05306H10.6479ZM10.6479 13.0779H10.7479V12.9779H10.6479V13.0779ZM10.6479 14.0888V14.1888H10.7479V14.0888H10.6479ZM8.35138 14.0888H8.25138V14.1888H8.35138V14.0888ZM8.35138 13.0484V12.9484H8.25138V13.0484H8.35138ZM13.2182 8.6012H13.3182V8.5012H13.2182V8.6012ZM12.6863 7.04287H12.7863V6.94287H12.6863V7.04287ZM11.1964 7.04287V6.94287H11.0964V7.04287H11.1964ZM10.6646 8.6012V8.5012H10.5646V8.6012H10.6646ZM10.6646 12.5291H10.5646V12.6291H10.6646V12.5291ZM11.1964 14.0884H11.0964V14.1884H11.1964V14.0884ZM12.6863 14.0884V14.1884H12.7863V14.0884H12.6863ZM13.2182 12.5291V12.6291H13.3182V12.5291H13.2182ZM13.2343 8.05286H13.1343V8.15286H13.2343V8.05286ZM13.2343 7.04287V6.94287H13.1343V7.04287H13.2343ZM15.5306 7.04287H15.6306V6.94287H15.5306V7.04287ZM15.5306 8.05286V8.15286H15.6306V8.05286H15.5306ZM15.5306 13.0777H15.6306V12.9777H15.5306V13.0777ZM15.5306 14.0886V14.1886H15.6306V14.0886H15.5306ZM13.2343 14.0886H13.1343V14.1886H13.2343V14.0886ZM13.2343 13.0777V12.9777H13.1343V13.0777H13.2343ZM17.4521 6.33568H17.5521V6.23568H17.4521V6.33568ZM17.4519 6.33568H17.3519V6.43568H17.4519V6.33568ZM17.2932 5.35648L17.3386 5.26739L17.3386 5.26735L17.2932 5.35648ZM9.99324 1.64293L9.94787 1.73205L9.9479 1.73206L9.99324 1.64293ZM9.00743 1.64293L8.96217 1.55376L8.96209 1.5538L9.00743 1.64293ZM1.70763 5.35648L1.66229 5.26735L1.66221 5.26739L1.70763 5.35648ZM17.5867 4.77869L10.2871 1.06475L10.1964 1.24301L17.496 4.95694L17.5867 4.77869ZM18.1 5.61544C18.1 5.28467 17.8819 4.92871 17.5867 4.77867L17.4961 4.95696C17.7241 5.07287 17.9 5.3599 17.9 5.61544H18.1ZM18.1 6.33567V5.61544H17.9V6.33567H18.1ZM17.293 7.14287C17.7379 7.14287 18.1 6.78054 18.1 6.33567H17.9C17.9 6.67015 17.6274 6.94287 17.293 6.94287V7.14287ZM16.0794 7.14287H17.293V6.94287H16.0794V7.14287ZM16.1794 8.14428V7.04287H15.9794V8.14428H16.1794ZM15.6223 8.7012C15.9294 8.7012 16.1794 8.45154 16.1794 8.14428H15.9794C15.9794 8.34098 15.8191 8.5012 15.6223 8.5012V8.7012ZM15.5469 8.7012H15.6223V8.5012H15.5469V8.7012ZM15.6469 12.5292V8.6012H15.4469V12.5292H15.6469ZM15.6223 12.4292H15.5469V12.6292H15.6223V12.4292ZM16.1794 12.9863C16.1794 12.6788 15.9294 12.4292 15.6223 12.4292V12.6292C15.819 12.6292 15.9794 12.7893 15.9794 12.9863H16.1794ZM16.1794 14.0884V12.9863H15.9794V14.0884H16.1794ZM16.8119 13.9884H16.0794V14.1884H16.8119V13.9884ZM18.1 15.2765C18.1 14.566 17.5222 13.9884 16.8119 13.9884V14.1884C17.4117 14.1884 17.9 14.6765 17.9 15.2765H18.1ZM18.1 15.7559V15.2765H17.9V15.7559H18.1ZM16.8119 17.0441C17.5222 17.0441 18.1 16.4662 18.1 15.7559H17.9C17.9 16.3558 17.4117 16.8441 16.8119 16.8441V17.0441ZM2.18811 17.0441H16.8119V16.8441H2.18811V17.0441ZM0.9 15.7559C0.9 16.4662 1.47782 17.0441 2.18811 17.0441V16.8441C1.58827 16.8441 1.1 16.3558 1.1 15.7559H0.9ZM0.9 15.2765V15.7559H1.1V15.2765H0.9ZM2.18811 13.9884C1.47783 13.9884 0.9 14.566 0.9 15.2765H1.1C1.1 14.6765 1.58826 14.1884 2.18811 14.1884V13.9884ZM2.92062 13.9884H2.18811V14.1884H2.92062V13.9884ZM2.82062 12.9863V14.0884H3.02062V12.9863H2.82062ZM3.37773 12.4292C3.07055 12.4292 2.82062 12.6788 2.82062 12.9863H3.02062C3.02062 12.7893 3.18096 12.6292 3.37773 12.6292V12.4292ZM3.4531 12.4292H3.37773V12.6292H3.4531V12.4292ZM3.3531 8.6012V12.5292H3.5531V8.6012H3.3531ZM3.37773 8.7012H3.4531V8.5012H3.37773V8.7012ZM2.82062 8.14428C2.82062 8.45154 3.07058 8.7012 3.37773 8.7012V8.5012C3.18093 8.5012 3.02062 8.34098 3.02062 8.14428H2.82062ZM2.82062 7.04287V8.14428H3.02062V7.04287H2.82062ZM1.7072 7.14287H2.92062V6.94287H1.7072V7.14287ZM0.9 6.33567C0.9 6.78056 1.26209 7.14287 1.7072 7.14287V6.94287C1.37258 6.94287 1.1 6.67014 1.1 6.33567H0.9ZM0.9 5.61544V6.33567H1.1V5.61544H0.9ZM1.41352 4.77866C1.11813 4.9287 0.9 5.28466 0.9 5.61544H1.1C1.1 5.3599 1.27589 5.07289 1.5041 4.95697L1.41352 4.77866ZM8.71289 1.06475L1.41346 4.77869L1.50416 4.95694L8.80358 1.24301L8.71289 1.06475ZM10.2871 1.06472C10.0671 0.953019 9.78057 0.900031 9.50007 0.900031C9.21957 0.900031 8.93296 0.95302 8.71296 1.06471L8.8035 1.24305C8.98754 1.14961 9.24078 1.10003 9.50007 1.10003C9.75937 1.10003 10.0125 1.14961 10.1965 1.24304L10.2871 1.06472ZM16.8123 14.7366C17.1097 14.7366 17.3521 14.9789 17.3521 15.2765H17.5521C17.5521 14.8685 17.2202 14.5366 16.8123 14.5366V14.7366ZM2.18854 14.7366H16.8123V14.5366H2.18854V14.7366ZM1.64877 15.2765C1.64877 14.9789 1.89113 14.7366 2.18854 14.7366V14.5366C1.78064 14.5366 1.44877 14.8685 1.44877 15.2765H1.64877ZM1.64877 15.7559V15.2765H1.44877V15.7559H1.64877ZM2.18854 16.2959C1.89115 16.2959 1.64877 16.0534 1.64877 15.7559H1.44877C1.44877 16.1638 1.78062 16.4959 2.18854 16.4959V16.2959ZM16.8123 16.2959H2.18854V16.4959H16.8123V16.2959ZM17.3521 15.7559C17.3521 16.0534 17.1097 16.2959 16.8123 16.2959V16.4959C17.2202 16.4959 17.5521 16.1638 17.5521 15.7559H17.3521ZM17.3521 15.2765V15.7559H17.5521V15.2765H17.3521ZM3.46921 8.15286H3.54439V7.95286H3.46921V8.15286ZM3.36921 7.04287V8.05286H3.56921V7.04287H3.36921ZM5.76553 6.94287H3.46921V7.14287H5.76553V6.94287ZM5.86553 8.02283V7.04287H5.66553V8.02283H5.86553ZM5.69035 8.12283H5.76553V7.92283H5.69035V8.12283ZM5.33324 8.47994C5.33324 8.28335 5.49363 8.12283 5.69035 8.12283V7.92283C5.38312 7.92283 5.13324 8.17295 5.13324 8.47994H5.33324ZM5.33324 12.5909V8.47994H5.13324V12.5909H5.33324ZM5.69035 12.948C5.49358 12.948 5.33324 12.7878 5.33324 12.5909H5.13324C5.13324 12.8983 5.38317 13.148 5.69035 13.148V12.948ZM5.76553 12.948H5.69035V13.148H5.76553V12.948ZM5.86553 14.0884V13.048H5.66553V14.0884H5.86553ZM3.46902 14.1884H5.76553V13.9884H3.46902V14.1884ZM3.36902 13.0775V14.0884H3.56902V13.0775H3.36902ZM3.5442 12.9775H3.46902V13.1775H3.5442V12.9775ZM3.90131 12.6206C3.90131 12.8172 3.74084 12.9775 3.5442 12.9775V13.1775C3.85114 13.1775 4.10131 12.9279 4.10131 12.6206H3.90131ZM3.90131 8.50997V12.6206H4.10131V8.50997H3.90131ZM3.54439 8.15286C3.74102 8.15286 3.90146 8.31308 3.90131 8.50989L4.10131 8.51004C4.10154 8.20252 3.85134 7.95286 3.54439 7.95286V8.15286ZM8.26058 8.67136H8.33576V8.47136H8.26058V8.67136ZM7.70366 8.11444C7.70366 8.42167 7.95359 8.67136 8.26058 8.67136V8.47136C8.064 8.47136 7.90366 8.31116 7.90366 8.11444H7.70366ZM7.70366 7.04287V8.11444H7.90366V7.04287H7.70366ZM6.31427 7.14287H7.80366V6.94287H6.31427V7.14287ZM6.41427 8.11444V7.04287H6.21427V8.11444H6.41427ZM5.85754 8.67136C6.1648 8.67136 6.41427 8.42159 6.41427 8.11444H6.21427C6.21427 8.31124 6.05423 8.47136 5.85754 8.47136V8.67136ZM5.78217 8.67136H5.85754V8.47136H5.78217V8.67136ZM5.88217 12.4995V8.57136H5.68217V12.4995H5.88217ZM5.85754 12.3995H5.78217V12.5995H5.85754V12.3995ZM6.41427 12.9566C6.41427 12.6493 6.16483 12.3995 5.85754 12.3995V12.5995C6.05421 12.5995 6.21427 12.7596 6.21427 12.9566H6.41427ZM6.41427 14.0884V12.9566H6.21427V14.0884H6.41427ZM7.80366 13.9884H6.31427V14.1884H7.80366V13.9884ZM7.70366 12.9566V14.0884H7.90366V12.9566H7.70366ZM8.26058 12.3995C7.95357 12.3995 7.70366 12.6492 7.70366 12.9566H7.90366C7.90366 12.7597 8.06402 12.5995 8.26058 12.5995V12.3995ZM8.33576 12.3995H8.26058V12.5995H8.33576V12.3995ZM8.23576 8.57136V12.4995H8.43576V8.57136H8.23576ZM8.35138 8.12303H8.42675V7.92303H8.35138V8.12303ZM8.25138 7.04307V8.02303H8.45138V7.04307H8.25138ZM10.6479 6.94307H8.35138V7.14307H10.6479V6.94307ZM10.7479 8.05306V7.04307H10.5479V8.05306H10.7479ZM10.5731 8.15306H10.6479V7.95306H10.5731V8.15306ZM10.2162 8.51017C10.2162 8.31318 10.3762 8.15306 10.5731 8.15306V7.95306C10.2656 7.95306 10.0162 8.20283 10.0162 8.51017H10.2162ZM10.2162 12.621V8.51017H10.0162V12.621H10.2162ZM10.5731 12.9779C10.3762 12.9779 10.2162 12.8177 10.2162 12.621H10.0162C10.0162 12.9281 10.2657 13.1779 10.5731 13.1779V12.9779ZM10.6479 12.9779H10.5731V13.1779H10.6479V12.9779ZM10.7479 14.0888V13.0779H10.5479V14.0888H10.7479ZM8.35138 14.1888H10.6479V13.9888H8.35138V14.1888ZM8.25138 13.0484V14.0888H8.45138V13.0484H8.25138ZM8.42675 12.9484H8.35138V13.1484H8.42675V12.9484ZM8.78367 12.5913C8.78367 12.7883 8.62363 12.9484 8.42675 12.9484V13.1484C8.7342 13.1484 8.98367 12.8986 8.98367 12.5913H8.78367ZM8.78367 8.48014V12.5913H8.98367V8.48014H8.78367ZM8.42675 8.12303C8.62358 8.12303 8.78367 8.28347 8.78367 8.48014H8.98367C8.98367 8.17323 8.73425 7.92303 8.42675 7.92303V8.12303ZM13.1431 8.7012H13.2182V8.5012H13.1431V8.7012ZM12.5863 8.14428C12.5863 8.45143 12.8358 8.7012 13.1431 8.7012V8.5012C12.9464 8.5012 12.7863 8.34108 12.7863 8.14428H12.5863ZM12.5863 7.04287V8.14428H12.7863V7.04287H12.5863ZM11.1964 7.14287H12.6863V6.94287H11.1964V7.14287ZM11.2964 8.14428V7.04287H11.0964V8.14428H11.2964ZM10.7393 8.7012C11.0464 8.7012 11.2964 8.45154 11.2964 8.14428H11.0964C11.0964 8.34098 10.9361 8.5012 10.7393 8.5012V8.7012ZM10.6646 8.7012H10.7393V8.5012H10.6646V8.7012ZM10.7646 12.5291V8.6012H10.5646V12.5291H10.7646ZM10.7393 12.4291H10.6646V12.6291H10.7393V12.4291ZM11.2964 12.9863C11.2964 12.6788 11.0464 12.4291 10.7393 12.4291V12.6291C10.936 12.6291 11.0964 12.7893 11.0964 12.9863H11.2964ZM11.2964 14.0884V12.9863H11.0964V14.0884H11.2964ZM12.6863 13.9884H11.1964V14.1884H12.6863V13.9884ZM12.5863 12.9863V14.0884H12.7863V12.9863H12.5863ZM13.1431 12.4291C12.8358 12.4291 12.5863 12.6789 12.5863 12.9863H12.7863C12.7863 12.7892 12.9464 12.6291 13.1431 12.6291V12.4291ZM13.2182 12.4291H13.1431V12.6291H13.2182V12.4291ZM13.1182 8.6012V12.5291H13.3182V8.6012H13.1182ZM13.2343 8.15286H13.3093V7.95286H13.2343V8.15286ZM13.1343 7.04287V8.05286H13.3343V7.04287H13.1343ZM15.5306 6.94287H13.2343V7.14287H15.5306V6.94287ZM15.6306 8.05286V7.04287H15.4306V8.05286H15.6306ZM15.4555 8.15286H15.5306V7.95286H15.4555V8.15286ZM15.0983 8.50997C15.0983 8.31306 15.2587 8.15286 15.4555 8.15286V7.95286C15.1483 7.95286 14.8983 8.20255 14.8983 8.50997H15.0983ZM15.0983 12.6208V8.50997H14.8983V12.6208H15.0983ZM15.4555 12.9777C15.2587 12.9777 15.0983 12.8175 15.0983 12.6208H14.8983C14.8983 12.928 15.1483 13.1777 15.4555 13.1777V12.9777ZM15.5306 12.9777H15.4555V13.1777H15.5306V12.9777ZM15.6306 14.0886V13.0777H15.4306V14.0886H15.6306ZM13.2343 14.1886H15.5306V13.9886H13.2343V14.1886ZM13.1343 13.0777V14.0886H13.3343V13.0777H13.1343ZM13.3093 12.9777H13.2343V13.1777H13.3093V12.9777ZM13.6664 12.6208C13.6664 12.8175 13.5063 12.9777 13.3093 12.9777V13.1777C13.6167 13.1777 13.8664 12.928 13.8664 12.6208H13.6664ZM13.6664 8.50997V12.6208H13.8664V8.50997H13.6664ZM13.3093 8.15286C13.5062 8.15286 13.6664 8.31303 13.6664 8.50997H13.8664C13.8664 8.20257 13.6167 7.95286 13.3093 7.95286V8.15286ZM17.3521 6.33568C17.3521 6.36795 17.3254 6.39454 17.2934 6.39454V6.59454C17.4363 6.59454 17.5521 6.47795 17.5521 6.33568H17.3521ZM17.4519 6.43568H17.4521V6.23568H17.4519V6.43568ZM17.3519 5.61545V6.33568H17.5519V5.61545H17.3519ZM17.2478 5.44557C17.2631 5.45338 17.2908 5.47906 17.3162 5.52045C17.3416 5.56184 17.3519 5.59819 17.3519 5.61545H17.5519C17.5519 5.54601 17.5214 5.47252 17.4867 5.41593C17.452 5.35933 17.4004 5.29888 17.3386 5.26739L17.2478 5.44557ZM9.9479 1.73206L17.2479 5.44561L17.3386 5.26735L10.0386 1.5538L9.9479 1.73206ZM9.50043 1.64339C9.67888 1.64339 9.84172 1.678 9.94787 1.73205L10.0386 1.55381C9.89618 1.4813 9.69975 1.44339 9.50043 1.44339V1.64339ZM9.05269 1.7321C9.15931 1.67798 9.32203 1.64339 9.50043 1.64339V1.44339C9.30105 1.44339 9.10488 1.48132 8.96217 1.55376L9.05269 1.7321ZM1.75297 5.44561L9.05277 1.73206L8.96209 1.5538L1.66229 5.26735L1.75297 5.44561ZM1.64877 5.61545C1.64877 5.59836 1.65908 5.56204 1.68453 5.52056C1.70997 5.47911 1.73773 5.45338 1.75305 5.44557L1.66221 5.26739C1.60046 5.29887 1.54879 5.35938 1.51407 5.41596C1.47936 5.47252 1.44877 5.54604 1.44877 5.61545H1.64877ZM1.64877 6.33568V5.61545H1.44877V6.33568H1.64877ZM1.70763 6.39454C1.67537 6.39454 1.64877 6.36788 1.64877 6.33568H1.44877C1.44877 6.47802 1.5646 6.59454 1.70763 6.59454V6.39454ZM17.2934 6.39454H1.70763V6.59454H17.2934V6.39454Z"
              fill="#6479cb"
            />
          </svg>
        </div>
        <div
          class="text"
        >
          Cidades
        </div>
      </li>
      <li
        class="c11"
        value="state"
      >
        <div
          class="c4"
          data-testid="list-state"
          height="20"
          width="20"
        >
          <svg
            fill="none"
            height="20"
            viewBox="0 0 14 19"
            width="20"
          >
            <path
              clip-rule="evenodd"
              d="M8.36459 17.5375C8.11046 17.8307 7.76779 17.9922 7.4 17.9922C7.03203 17.9922 6.68954 17.8307 6.43541 17.537C6.21338 17.2815 1 11.2215 1 7.40001C1 3.87111 3.87111 1 7.4 1C10.9289 1 13.8 3.87111 13.8 7.40019C13.8 11.2217 8.58662 17.2817 8.36459 17.5375ZM13.1986 7.40016C13.1986 4.20261 10.5975 1.60111 7.39978 1.60111C4.20204 1.60111 1.60073 4.20261 1.60054 7.40016C1.60054 10.998 6.83621 17.0827 6.88926 17.1438C7.02746 17.3032 7.20871 17.3912 7.39978 17.3912C7.59066 17.3912 7.7721 17.3032 7.9103 17.1438C7.96316 17.0827 13.1986 10.9982 13.1986 7.40016Z"
              fill="#6479cb"
              fill-rule="evenodd"
            />
            <path
              d="M8.36459 17.5375L8.21354 17.4064L8.21345 17.4065L8.36459 17.5375ZM6.43541 17.537L6.58667 17.4061L6.58636 17.4058L6.43541 17.537ZM1.60054 7.40016L1.40054 7.40015V7.40016H1.60054ZM6.88926 17.1438L6.73817 17.2749L6.73817 17.2749L6.88926 17.1438ZM7.9103 17.1438L8.06139 17.2749L8.06162 17.2746L7.9103 17.1438ZM7.4 18.1922C7.82927 18.1922 8.22595 18.0029 8.51572 17.6685L8.21345 17.4065C7.99497 17.6586 7.7063 17.7922 7.4 17.7922V18.1922ZM6.28415 17.6678C6.57394 18.0028 6.97049 18.1922 7.4 18.1922V17.7922C7.09356 17.7922 6.80514 17.6587 6.58667 17.4061L6.28415 17.6678ZM0.8 7.40001C0.8 8.39613 1.13839 9.52135 1.63524 10.6413C2.13345 11.7643 2.79831 12.8981 3.46733 13.9156C4.8054 15.9509 6.17072 17.5373 6.28446 17.6682L6.58636 17.4058C6.47807 17.2812 5.12569 15.7099 3.80156 13.6959C3.13948 12.6889 2.48711 11.5751 2.00088 10.4791C1.51328 9.38 1.2 8.31465 1.2 7.40001H0.8ZM7.4 0.800004C3.76065 0.800004 0.8 3.76065 0.8 7.40001H1.2C1.2 3.98157 3.98156 1.2 7.4 1.2V0.800004ZM14 7.40019C14 3.76066 11.0394 0.800004 7.4 0.800004V1.2C10.8184 1.2 13.6 3.98156 13.6 7.40019H14ZM8.51563 17.6686C8.62927 17.5377 9.99459 15.9512 11.3327 13.9159C12.0017 12.8983 12.6665 11.7645 13.1648 10.6415C13.6616 9.52154 14 8.39632 14 7.40019H13.6C13.6 8.31484 13.2867 9.38019 12.7991 10.4793C12.3129 11.5753 11.6605 12.6891 10.9984 13.6961C9.67432 15.7102 8.32194 17.2815 8.21354 17.4064L8.51563 17.6686ZM7.39978 1.80111C10.487 1.80111 12.9986 4.31306 12.9986 7.40016H13.3986C13.3986 4.09217 10.708 1.40111 7.39978 1.40111V1.80111ZM1.80054 7.40017C1.80073 4.31307 4.31251 1.80111 7.39978 1.80111V1.40111C4.09158 1.40111 1.40074 4.09216 1.40054 7.40015L1.80054 7.40017ZM7.04035 17.0128C7.01656 16.9854 5.70048 15.4561 4.39155 13.4875C3.73705 12.5031 3.08708 11.413 2.60139 10.3488C2.11398 9.28078 1.80054 8.25698 1.80054 7.40016H1.40054C1.40054 8.34224 1.74157 9.4282 2.2375 10.5149C2.73515 11.6053 3.39742 12.7148 4.05846 13.709C5.38063 15.6975 6.7089 17.2411 6.73817 17.2749L7.04035 17.0128ZM7.39978 17.1912C7.27331 17.1912 7.14513 17.1336 7.04035 17.0128L6.73817 17.2749C6.9098 17.4728 7.14411 17.5912 7.39978 17.5912V17.1912ZM7.75921 17.0128C7.65445 17.1336 7.52609 17.1912 7.39978 17.1912V17.5912C7.65523 17.5912 7.88974 17.4728 8.06139 17.2749L7.75921 17.0128ZM12.9986 7.40016C12.9986 8.25703 12.6852 9.28086 12.1978 10.3489C11.7121 11.4131 11.0622 12.5032 10.4077 13.4876C9.09892 15.4561 7.78294 16.9853 7.75898 17.0131L8.06162 17.2746C8.09052 17.2412 9.41871 15.6976 10.7408 13.709C11.4018 12.7149 12.0641 11.6054 12.5617 10.5149C13.0576 9.42827 13.3986 8.34229 13.3986 7.40016H12.9986Z"
              fill="#6479cb"
            />
            <path
              clip-rule="evenodd"
              d="M7.39912 4.75351C8.85837 4.75351 10.0457 5.9407 10.0457 7.39995C10.0457 8.8592 8.85837 10.0464 7.39912 10.0464C5.93987 10.0464 4.75269 8.8592 4.75269 7.39995C4.75269 5.9407 5.93987 4.75351 7.39912 4.75351ZM7.3985 5.35459C6.27059 5.35459 5.35302 6.27217 5.35302 7.40007C5.35302 8.52797 6.27059 9.44536 7.3985 9.44536C8.5264 9.44536 9.44397 8.52778 9.44397 7.40007C9.44397 6.27236 8.5264 5.35459 7.3985 5.35459Z"
              fill="#6479cb"
              fill-rule="evenodd"
            />
            <path
              d="M10.2457 7.39995C10.2457 5.83022 8.96881 4.55351 7.39912 4.55351V4.95351C8.74793 4.95351 9.84574 6.05117 9.84574 7.39995H10.2457ZM7.39912 10.2464C8.96881 10.2464 10.2457 8.96967 10.2457 7.39995H9.84574C9.84574 8.74872 8.74793 9.84638 7.39912 9.84638V10.2464ZM4.55269 7.39995C4.55269 8.96965 5.82941 10.2464 7.39912 10.2464V9.84638C6.05033 9.84638 4.95269 8.74874 4.95269 7.39995H4.55269ZM7.39912 4.55351C5.82941 4.55351 4.55269 5.83024 4.55269 7.39995H4.95269C4.95269 6.05116 6.05033 4.95351 7.39912 4.95351V4.55351ZM5.55302 7.40007C5.55302 6.38263 6.38105 5.55459 7.3985 5.55459V5.15459C6.16014 5.15459 5.15302 6.16171 5.15302 7.40007H5.55302ZM7.3985 9.24536C6.38103 9.24536 5.55302 8.41749 5.55302 7.40007H5.15302C5.15302 8.63845 6.16016 9.64536 7.3985 9.64536V9.24536ZM9.24397 7.40007C9.24397 8.41732 8.41595 9.24536 7.3985 9.24536V9.64536C8.63684 9.64536 9.64397 8.63825 9.64397 7.40007H9.24397ZM7.3985 5.55459C8.41593 5.55459 9.24397 6.3828 9.24397 7.40007H9.64397C9.64397 6.16191 8.63687 5.15459 7.3985 5.15459V5.55459Z"
              fill="#6479cb"
            />
          </svg>
        </div>
        <div
          class="text"
        >
          Estados
        </div>
      </li>
    </ul>
    <ul
      class="c9"
      style="opacity: 0; display: none;"
    />
    <span
      class="c12"
    />
  </div>
</div>
`;
